
> ikay@0.0.0 build
> tsc -b && vite build

[36mvite v7.3.1 [32mbuilding client environment for production...[36m[39m
transforming...
[32mΓ£ô[39m 2533 modules transformed.
rendering chunks...
computing gzip size...
[2mdist/[22m[32mindex.html                   [39m[1m[2m  0.45 kB[22m[1m[22m[2m Γöé gzip:   0.29 kB[22m
[2mdist/[22m[35massets/index-CICWV7Vm.css    [39m[1m[2m  5.78 kB[22m[1m[22m[2m Γöé gzip:   1.92 kB[22m
[2mdist/[22m[36massets/supabase-D0BdI4nj.js  [39m[1m[2m  0.78 kB[22m[1m[22m[2m Γöé gzip:   0.31 kB[22m
[2mdist/[22m[36massets/Shop-DNyQ1jkk.js      [39m[1m[2m  5.47 kB[22m[1m[22m[2m Γöé gzip:   1.88 kB[22m
[2mdist/[22m[36massets/Home-mOapKhz2.js      [39m[1m[2m 10.14 kB[22m[1m[22m[2m Γöé gzip:   3.20 kB[22m
[2mdist/[22m[36massets/index-DOBSbhoB.js     [39m[1m[33m540.97 kB[39m[22m[2m Γöé gzip: 169.42 kB[22m
node.exe : [33m
At line:1 char:1
+ & "C:\Program 
Files\nodejs/node.exe" 
"C:\Program 
Files\nodejs/node_mo ...
+ ~~~~~~~~~~~~~~~~~~~~~~~~~~~~
~~~~~~~~~~~~~~~~~~~~~~~~~~~~~~
~~~~~~~~~~~
    + CategoryInfo          : 
    NotSpecified: ([33m:Str  
  ing) [], RemoteException
    + FullyQualifiedErrorId : 
    NativeCommandError
 
(!) Some chunks are larger 
than 500 kB after 
minification. Consider:
- Using dynamic import() to 
code-split the application
- Use build.rollupOptions.outp
ut.manualChunks to improve 
chunking: https://rollupjs.org
/configuration-options/#output
-manualchunks
- Adjust chunk size limit for 
this warning via build.chunkSi
zeWarningLimit.[39m
[32mΓ£ô built in 5.85s[39m
